task:
  container:
    image: debian:latest

  script: sleep 5
